Sementically checked program: 


void main() {
var a: bool(bool : false)
(bool : a)
(bool : !(bool : a))
}