

Sementically checked program: 


void main() {
var x: float(float : 3)
}

