Sementically checked program: 

var x: int(int : 1)

void main() {
}

