Sementically checked program: 


void main() {
var sum: int(int : 0)
for (var i: int(int : 0)
; (bool : (int : i) < (int : 10)); (int : i += (int : 1))) {
if ((bool : (int : i) == (int : 5))) {
continue()
}
(int : sum += (int : i))
if ((bool : (int : sum) > (int : 10))) {
break()
}
}
}