

Sementically checked program: 


void main() {
var v: string(string : hello world)
(int : print((string : v)))
}

